// Jest Snapshot v1, https://goo.gl/fbAQLP

exports[`Header Matches snapshot 1`] = `
<div
  className="header"
>
  <header
    aria-label="Site header"
  >
    <SkipLinks
      skipLinkId="content-start"
    />
    <div
      className="container"
    >
      <a
        aria-label="Home"
        className="home"
        href="https://www.nice.org.uk/"
        onClick={[Function]}
      >
        <SvgLogoFull
          className="icon"
          height={null}
          width={null}
        />
      </a>
      <div
        className="wrapper"
      >
        <div
          className="search"
        >
          <Search
            onNavigating="onNavigatingHandler"
            placeholder="Search NICE…"
            query=""
            url="/search"
          />
        </div>
        <button
          aria-controls="header-menu"
          aria-expanded={false}
          aria-haspopup="menu"
          aria-label="Expand site menu"
          className="mobileMenuBtn"
          id="header-menu-button"
          onClick={[Function]}
          type="button"
        >
          Menu
        </button>
        <div
          className="account"
        >
          <Account
            accountsData={null}
            environment="live"
            isLoggedIn={false}
            onLoginStatusChecked={[Function]}
            provider="niceAccounts"
          />
        </div>
      </div>
    </div>
    <Nav
      accountsLinks={null}
      isExpanded={false}
      onNavigating="onNavigatingHandler"
      service={null}
    />
  </header>
  <CoronaMessage />
  <OldIEMessage />
</div>
`;
