// Jest Snapshot v1, https://goo.gl/fbAQLP

exports[`Pages Matches snapshot 1`] = `
<div>
  <nav
    class="wrapper"
  >
    <ul
      class="list"
    >
      <li>
        <a
          href="https://www.nice.org.uk/about"
        >
          About NICE
        </a>
      </li>
      <li>
        <a
          href="https://www.nice.org.uk/about/what-we-do/into-practice"
        >
          Into practice
        </a>
      </li>
      <li>
        <a
          href="https://www.nice.org.uk/get-involved"
        >
          Get involved with NICE
        </a>
      </li>
      <li>
        <a
          href="https://www.nice.org.uk/get-involved/jobs"
        >
          Jobs
        </a>
      </li>
      <li>
        <a
          href="https://www.nice.org.uk/news"
        >
          News
        </a>
      </li>
      <li>
        <a
          href="https://www.nice.org.uk/news/nice-newsletters-and-alerts"
        >
          Newsletters and alerts
        </a>
      </li>
      <li>
        <a
          href="https://www.nice.org.uk/get-involved/contact-us"
        >
          Contact us
        </a>
      </li>
      <li>
        <a
          href="https://www.nice.org.uk/forms/leave-feedback"
        >
          Leave feedback
        </a>
      </li>
      <li>
        <a
          href="https://www.nice.org.uk/re-using-our-content"
        >
          Reusing our content
        </a>
      </li>
      <li>
        <a
          href="https://www.nice.org.uk/forms/use-of-nice-content-in-the-uk"
        >
          NICE UK Open Content Licence
        </a>
      </li>
      <li>
        <a
          href="https://www.nice.org.uk/about/what-we-do/nice-syndication-api"
        >
          Syndicate our content
        </a>
      </li>
    </ul>
  </nav>
</div>
`;
