// Jest Snapshot v1, https://goo.gl/fbAQLP

exports[`CoronaMessage Matches snapshot for new visitor 1`] = `
<aside
  className="wrapper"
>
  <div
    className="container"
  >
    <h2>
      Coronavirus (COVID-19)
    </h2>
    <p>
      For information on how NICE is supporting the NHS and social care, view our new
       
      <a
        href="https://www.nice.org.uk/coronavirus"
      >
        rapid guidelines and evidence reviews
      </a>
      . Learn about the
       
      <a
        href="https://gov.uk/coronavirus"
      >
        government response to coronavirus on GOV.UK
      </a>
      .
    </p>
    <button
      className="button"
      onClick={[Function]}
      type="button"
    >
      Close
    </button>
  </div>
</aside>
`;

exports[`CoronaMessage Renders only thin link by default/on the server 1`] = `
<aside
  className="wrapper minimised"
>
  <div
    className="container"
  >
    <p
      className="minimised"
    >
      Read about the
       
      <a
        href="https://www.nice.org.uk/covid-19"
      >
        NICE response to Coronavirus (COVID-19)
      </a>
    </p>
  </div>
</aside>
`;
