// Jest Snapshot v1, https://goo.gl/fbAQLP

exports[`Services Matches snapshot 1`] = `
<nav
  aria-label="Our services"
  className="wrapper"
>
  <ul
    className="list"
  >
    <FooterLink
      dropdown={true}
      dropdownComponent="FirstComponent"
      footer={true}
      href="https://url1/"
      id="link1"
      key="link1"
      text="First link"
    />
    <FooterLink
      href="https://nestedLink1"
      id="nested-1"
      key="nested-1"
      text="Nested link one"
    />
    <FooterLink
      href="https://nestedLink2"
      id="nested-2"
      key="nested-2"
      text="Nested link two"
    />
  </ul>
</nav>
`;
