// Jest Snapshot v1, https://goo.gl/fbAQLP

exports[`NavLinks Matches snapshot with sub links for selected external service 1`] = `
<ul
  aria-labelledby="header-menu-button"
  className="menuList"
>
  <li
    data-tracking="First link"
    key="link1"
  >
    <a
      aria-current={null}
      className="link"
      href="https://www.test.nice.org/url1/"
      id="navlink-link1"
      onClick={[Function]}
    >
      <span>
        First link
      </span>
    </a>
  </li>
  <li
    data-tracking="Second link"
    key="link2"
  >
    <a
      aria-current={null}
      aria-label="Abbreviation title"
      className="link"
      href="https://www.test.nice.org/url2/"
      id="navlink-link2"
      onClick={[Function]}
    >
      <span>
        Second link
      </span>
    </a>
  </li>
  <li
    data-tracking="Third link"
    key="link3"
  >
    <a
      aria-current={null}
      aria-label="Abbreviation title"
      className="link"
      href="https://www.test.nice.org/url3/"
      id="navlink-link3"
      onClick={[Function]}
    >
      <span>
        Third link
      </span>
      <SvgChevronDown
        className="icon"
        pointerEvents="none"
      />
    </a>
    <ul
      aria-label="More NICE services"
      className="nonJsDropdown"
      id="link3"
    >
      <li
        key="nested-1"
      >
        <a
          href="https://nestedLink1"
        >
          Nested link one
        </a>
      </li>
      <li
        key="nested-2"
      >
        <a
          href="https://nestedLink2"
        >
          Nested link two
        </a>
      </li>
    </ul>
  </li>
  <li
    data-tracking="Fourth link"
    key="test-service"
  >
    <a
      aria-current={null}
      className="link"
      href="https://www.test.nice.org/url4/"
      id="navlink-test-service"
      onClick={[Function]}
    >
      <span>
        Fourth link
      </span>
    </a>
  </li>
</ul>
`;
